Type error: expected one of [ void *
                            , int
                            , float ] but got bool. Error occured in statement:
d + a;