Type error: expected one of [bool] but got int. Error occured in statement:
if (42) {
    
}