Type error: expected one of [bool] but got void. Error occured in statement:
foo(42, bar());