Error: Illegal Void Formal binding, b in function bar