Type error: expected one of [bool] but got int. Error occured in statement:
while (42) {
    i = i + 1;
}