Type error: expected one of [int] but got void. Error occured in statement:
{
    if (true) return 0;
    else printf("%d ", 1);
}