Type error: expected one of [int] but got bool. Error occured in statement:
i = false;