Type error: expected one of [ void *
                            , int
                            , float ] but got float. Error occured in statement:
b + a;