Type error: expected one of [bool] but got int. Error occured in statement:
for (i = 0;i;i = i + 1) {
    
}