Error: Illegal Duplicate Formal binding, a in function bar